#-----------------------------------------------------------
# Vivado v2020.1 (64-bit)
# SW Build 2902540 on Wed May 27 19:54:49 MDT 2020
# IP Build 2902112 on Wed May 27 22:43:36 MDT 2020
# Start of session at: Tue Nov  3 12:30:28 2020
# Process ID: 12088
# Current directory: H:/DL_202030_My_Nguyen/lab11/lab11_project
# Command line: vivado.exe -gui_launcher_event rodinguilauncherevent2084 H:\DL_202030_My_Nguyen\lab11\lab11_project\lab11_project.xpr
# Log file: H:/DL_202030_My_Nguyen/lab11/lab11_project/vivado.log
# Journal file: H:/DL_202030_My_Nguyen/lab11/lab11_project\vivado.jou
#-----------------------------------------------------------
start_gui
open_project H:/DL_202030_My_Nguyen/lab11/lab11_project/lab11_project.xpr
update_compile_order -fileset sources_1
launch_simulation
source debounce_test.tcl
close_sim
close [ open H:/DL_202030_My_Nguyen/lab11/verilog_code/guess_FSM.sv w ]
add_files H:/DL_202030_My_Nguyen/lab11/verilog_code/guess_FSM.sv
update_compile_order -fileset sources_1
