#-----------------------------------------------------------
# Vivado v2020.1 (64-bit)
# SW Build 2902540 on Wed May 27 19:54:49 MDT 2020
# IP Build 2902112 on Wed May 27 22:43:36 MDT 2020
# Start of session at: Wed Nov 18 13:21:18 2020
# Process ID: 12872
# Current directory: H:/DL_202030_My_Nguyen/lab11/lab11_project
# Command line: vivado.exe -gui_launcher_event rodinguilauncherevent14692 H:\DL_202030_My_Nguyen\lab11\lab11_project\lab11_project.xpr
# Log file: H:/DL_202030_My_Nguyen/lab11/lab11_project/vivado.log
# Journal file: H:/DL_202030_My_Nguyen/lab11/lab11_project\vivado.jou
#-----------------------------------------------------------
start_gui
open_project H:/DL_202030_My_Nguyen/lab11/lab11_project/lab11_project.xpr
update_compile_order -fileset sources_1
launch_runs impl_1 -to_step write_bitstream
wait_on_run impl_1
open_hw_manager
connect_hw_server -allow_non_jtag
open_hw_target
set_property PROGRAM.FILE {H:/DL_202030_My_Nguyen/lab11/lab11_project/lab11_project.runs/impl_1/guessing_game.bit} [get_hw_devices xc7a35t_0]
current_hw_device [get_hw_devices xc7a35t_0]
refresh_hw_device -update_hw_probes false [lindex [get_hw_devices xc7a35t_0] 0]
set_property PROBES.FILE {} [get_hw_devices xc7a35t_0]
set_property FULL_PROBES.FILE {} [get_hw_devices xc7a35t_0]
set_property PROGRAM.FILE {H:/DL_202030_My_Nguyen/lab11/lab11_project/lab11_project.runs/impl_1/guessing_game.bit} [get_hw_devices xc7a35t_0]
program_hw_devices [get_hw_devices xc7a35t_0]
refresh_hw_device [lindex [get_hw_devices xc7a35t_0] 0]
close_hw_manager
reset_run synth_1
launch_runs impl_1 -to_step write_bitstream
wait_on_run impl_1
open_hw_manager
connect_hw_server -allow_non_jtag
open_hw_target
set_property PROGRAM.FILE {H:/DL_202030_My_Nguyen/lab11/lab11_project/lab11_project.runs/impl_1/guessing_game.bit} [get_hw_devices xc7a35t_0]
current_hw_device [get_hw_devices xc7a35t_0]
refresh_hw_device -update_hw_probes false [lindex [get_hw_devices xc7a35t_0] 0]
set_property PROBES.FILE {} [get_hw_devices xc7a35t_0]
set_property FULL_PROBES.FILE {} [get_hw_devices xc7a35t_0]
set_property PROGRAM.FILE {H:/DL_202030_My_Nguyen/lab11/lab11_project/lab11_project.runs/impl_1/guessing_game.bit} [get_hw_devices xc7a35t_0]
program_hw_devices [get_hw_devices xc7a35t_0]
refresh_hw_device [lindex [get_hw_devices xc7a35t_0] 0]
update_compile_order -fileset sources_1
update_compile_order -fileset sources_1
close_hw_manager
reset_run synth_1
launch_runs impl_1 -to_step write_bitstream
wait_on_run impl_1
reset_run synth_1
launch_runs impl_1 -to_step write_bitstream
wait_on_run impl_1
open_hw_manager
connect_hw_server -allow_non_jtag
open_hw_target
set_property PROGRAM.FILE {H:/DL_202030_My_Nguyen/lab11/lab11_project/lab11_project.runs/impl_1/guessing_game.bit} [get_hw_devices xc7a35t_0]
current_hw_device [get_hw_devices xc7a35t_0]
refresh_hw_device -update_hw_probes false [lindex [get_hw_devices xc7a35t_0] 0]
set_property PROBES.FILE {} [get_hw_devices xc7a35t_0]
set_property FULL_PROBES.FILE {} [get_hw_devices xc7a35t_0]
set_property PROGRAM.FILE {H:/DL_202030_My_Nguyen/lab11/lab11_project/lab11_project.runs/impl_1/guessing_game.bit} [get_hw_devices xc7a35t_0]
program_hw_devices [get_hw_devices xc7a35t_0]
refresh_hw_device [lindex [get_hw_devices xc7a35t_0] 0]
close_hw_manager
open_hw_manager
connect_hw_server -allow_non_jtag
open_hw_target
set_property PROGRAM.FILE {H:/DL_202030_My_Nguyen/lab11/lab11_project/lab11_project.runs/impl_1/guessing_game.bit} [get_hw_devices xc7a35t_0]
current_hw_device [get_hw_devices xc7a35t_0]
refresh_hw_device -update_hw_probes false [lindex [get_hw_devices xc7a35t_0] 0]
set_property PROBES.FILE {} [get_hw_devices xc7a35t_0]
set_property FULL_PROBES.FILE {} [get_hw_devices xc7a35t_0]
set_property PROGRAM.FILE {H:/DL_202030_My_Nguyen/lab11/lab11_project/lab11_project.runs/impl_1/guessing_game.bit} [get_hw_devices xc7a35t_0]
program_hw_devices [get_hw_devices xc7a35t_0]
refresh_hw_device [lindex [get_hw_devices xc7a35t_0] 0]
set_property PROBES.FILE {} [get_hw_devices xc7a35t_0]
set_property FULL_PROBES.FILE {} [get_hw_devices xc7a35t_0]
set_property PROGRAM.FILE {H:/DL_202030_My_Nguyen/lab11/lab11_project/lab11_project.runs/impl_1/guessing_game.bit} [get_hw_devices xc7a35t_0]
program_hw_devices [get_hw_devices xc7a35t_0]
refresh_hw_device [lindex [get_hw_devices xc7a35t_0] 0]
close_hw_manager
reset_run synth_1
launch_runs impl_1 -to_step write_bitstream
wait_on_run impl_1
open_hw_manager
connect_hw_server -allow_non_jtag
open_hw_target
set_property PROGRAM.FILE {H:/DL_202030_My_Nguyen/lab11/lab11_project/lab11_project.runs/impl_1/guessing_game.bit} [get_hw_devices xc7a35t_0]
current_hw_device [get_hw_devices xc7a35t_0]
refresh_hw_device -update_hw_probes false [lindex [get_hw_devices xc7a35t_0] 0]
set_property PROBES.FILE {} [get_hw_devices xc7a35t_0]
set_property FULL_PROBES.FILE {} [get_hw_devices xc7a35t_0]
set_property PROGRAM.FILE {H:/DL_202030_My_Nguyen/lab11/lab11_project/lab11_project.runs/impl_1/guessing_game.bit} [get_hw_devices xc7a35t_0]
program_hw_devices [get_hw_devices xc7a35t_0]
refresh_hw_device [lindex [get_hw_devices xc7a35t_0] 0]
close_hw_manager
reset_run synth_1
launch_runs impl_1 -to_step write_bitstream
wait_on_run impl_1
close [ open H:/DL_202030_My_Nguyen/lab11/verilog_code/board.sv w ]
add_files H:/DL_202030_My_Nguyen/lab11/verilog_code/board.sv
update_compile_order -fileset sources_1
reset_run synth_1
launch_runs impl_1 -to_step write_bitstream
wait_on_run impl_1
close [ open H:/DL_202030_My_Nguyen/lab11/verilog_code/sseg_decoder.sv w ]
add_files H:/DL_202030_My_Nguyen/lab11/verilog_code/sseg_decoder.sv
update_compile_order -fileset sources_1
open_hw_manager
connect_hw_server -allow_non_jtag
open_hw_target
set_property PROGRAM.FILE {H:/DL_202030_My_Nguyen/lab11/lab11_project/lab11_project.runs/impl_1/guessing_game.bit} [get_hw_devices xc7a35t_0]
current_hw_device [get_hw_devices xc7a35t_0]
refresh_hw_device -update_hw_probes false [lindex [get_hw_devices xc7a35t_0] 0]
set_property PROBES.FILE {} [get_hw_devices xc7a35t_0]
set_property FULL_PROBES.FILE {} [get_hw_devices xc7a35t_0]
set_property PROGRAM.FILE {H:/DL_202030_My_Nguyen/lab11/lab11_project/lab11_project.runs/impl_1/guessing_game.bit} [get_hw_devices xc7a35t_0]
program_hw_devices [get_hw_devices xc7a35t_0]
refresh_hw_device [lindex [get_hw_devices xc7a35t_0] 0]
close_hw_manager
export_ip_user_files -of_objects  [get_files H:/DL_202030_My_Nguyen/lab11/verilog_code/sseg_decoder.sv] -no_script -reset -force -quiet
remove_files  H:/DL_202030_My_Nguyen/lab11/verilog_code/sseg_decoder.sv
export_ip_user_files -of_objects  [get_files H:/DL_202030_My_Nguyen/lab11/verilog_code/mux.sv] -no_script -reset -force -quiet
remove_files  H:/DL_202030_My_Nguyen/lab11/verilog_code/mux.sv
update_compile_order -fileset sources_1
add_files -norecurse H:/DL_202030_My_Nguyen/lab08/verilog_code/sseg4.sv
update_compile_order -fileset sources_1
add_files -norecurse {H:/DL_202030_My_Nguyen/lab08/verilog_code/an_decoder.sv H:/DL_202030_My_Nguyen/lab08/verilog_code/mux4.sv H:/DL_202030_My_Nguyen/lab06/verilog_source/sseg_decoder.sv H:/DL_202030_My_Nguyen/lab07/verilog_code/bcd11.sv}
update_compile_order -fileset sources_1
close [ open H:/DL_202030_My_Nguyen/lab11/verilog_code/sseg_new.sv w ]
add_files H:/DL_202030_My_Nguyen/lab11/verilog_code/sseg_new.sv
update_compile_order -fileset sources_1
reset_run synth_1
launch_runs impl_1 -to_step write_bitstream
wait_on_run impl_1
reset_run synth_1
update_compile_order -fileset sources_1
update_compile_order -fileset sources_1
launch_runs impl_1 -to_step write_bitstream
wait_on_run impl_1
reset_run synth_1
launch_runs impl_1 -to_step write_bitstream
wait_on_run impl_1
update_compile_order -fileset sources_1
update_compile_order -fileset sources_1
reset_run synth_1
launch_runs impl_1 -to_step write_bitstream
wait_on_run impl_1
update_compile_order -fileset sources_1
reset_run impl_1 -prev_step 
update_compile_order -fileset sources_1
reset_run synth_1
launch_runs impl_1 -to_step write_bitstream
wait_on_run impl_1
open_hw_manager
connect_hw_server -allow_non_jtag
open_hw_target
set_property PROGRAM.FILE {H:/DL_202030_My_Nguyen/lab11/lab11_project/lab11_project.runs/impl_1/guessing_game.bit} [get_hw_devices xc7a35t_0]
current_hw_device [get_hw_devices xc7a35t_0]
refresh_hw_device -update_hw_probes false [lindex [get_hw_devices xc7a35t_0] 0]
set_property PROBES.FILE {} [get_hw_devices xc7a35t_0]
set_property FULL_PROBES.FILE {} [get_hw_devices xc7a35t_0]
set_property PROGRAM.FILE {H:/DL_202030_My_Nguyen/lab11/lab11_project/lab11_project.runs/impl_1/guessing_game.bit} [get_hw_devices xc7a35t_0]
program_hw_devices [get_hw_devices xc7a35t_0]
refresh_hw_device [lindex [get_hw_devices xc7a35t_0] 0]
close_hw_manager
reset_run synth_1
launch_runs impl_1 -to_step write_bitstream
wait_on_run impl_1
reset_run synth_1
update_compile_order -fileset sources_1
launch_runs impl_1 -to_step write_bitstream
wait_on_run impl_1
reset_run synth_1
launch_runs impl_1 -to_step write_bitstream
wait_on_run impl_1
reset_run synth_1
launch_runs impl_1 -to_step write_bitstream
wait_on_run impl_1
reset_run synth_1
launch_runs impl_1 -to_step write_bitstream
wait_on_run impl_1
reset_run impl_1
reset_run synth_1
launch_runs impl_1 -to_step write_bitstream
wait_on_run impl_1
open_hw_manager
connect_hw_server -allow_non_jtag
open_hw_target
set_property PROGRAM.FILE {H:/DL_202030_My_Nguyen/lab11/lab11_project/lab11_project.runs/impl_1/guessing_game.bit} [get_hw_devices xc7a35t_0]
current_hw_device [get_hw_devices xc7a35t_0]
refresh_hw_device -update_hw_probes false [lindex [get_hw_devices xc7a35t_0] 0]
set_property PROBES.FILE {} [get_hw_devices xc7a35t_0]
set_property FULL_PROBES.FILE {} [get_hw_devices xc7a35t_0]
set_property PROGRAM.FILE {H:/DL_202030_My_Nguyen/lab11/lab11_project/lab11_project.runs/impl_1/guessing_game.bit} [get_hw_devices xc7a35t_0]
program_hw_devices [get_hw_devices xc7a35t_0]
refresh_hw_device [lindex [get_hw_devices xc7a35t_0] 0]
close_hw_manager
